
  [32m[1mVITE[22m v7.3.1[39m  [2mready in [0m[1m1069[22m[2m[0m ms[22m

  [32m➜[39m  [1mLocal[22m:   [36mhttp://127.0.0.1:[1m3000[22m/[39m
[2m19:40:37[22m [36m[1m[vite][22m[39m [90m[2m(client)[22m[39m [32mhmr update [39m[2m/src/pages/HomePage.jsx, /src/index.css[22m
[2m19:40:37[22m [36m[1m[vite][22m[39m [90m[2m(client)[22m[39m [32mhmr update [39m[2m/src/pages/HomePage.jsx, /src/index.css[22m
[2m19:40:45[22m [36m[1m[vite][22m[39m [90m[2m(client)[22m[39m [32mhmr update [39m[2m/src/pages/HomePage.jsx, /src/index.css[22m
[2m19:41:10[22m [36m[1m[vite][22m[39m [90m[2m(client)[22m[39m [32mhmr update [39m[2m/src/pages/HomePage.jsx, /src/index.css[22m
[2m19:47:25[22m [36m[1m[vite][22m[39m [90m[2m(client)[22m[39m [32mhmr update [39m[2m/src/pages/EmprestimosPage.jsx, /src/index.css[22m
[2m20:10:47[22m [36m[1m[vite][22m[39m [90m[2m(client)[22m[39m [32mhmr update [39m[2m/src/pages/HomePage.jsx, /src/index.css[22m
[2m20:10:47[22m [36m[1m[vite][22m[39m [90m[2m(client)[22m[39m [32mhmr update [39m[2m/src/pages/HomePage.jsx, /src/index.css[22m
[2m20:11:42[22m [36m[1m[vite][22m[39m [90m[2m(client)[22m[39m [32mhmr update [39m[2m/src/pages/HomePage.jsx, /src/index.css[22m
[2m20:12:14[22m [36m[1m[vite][22m[39m [90m[2m(client)[22m[39m [32mhmr update [39m[2m/src/pages/HomePage.jsx, /src/index.css[22m
[2m20:12:57[22m [36m[1m[vite][22m[39m [90m[2m(client)[22m[39m [32mhmr update [39m[2m/src/pages/EmprestimosPage.jsx, /src/index.css[22m
[2m20:13:16[22m [36m[1m[vite][22m[39m [90m[2m(client)[22m[39m [32mhmr update [39m[2m/src/pages/EmprestimosPage.jsx, /src/index.css[22m
[2m20:13:31[22m [36m[1m[vite][22m[39m [90m[2m(client)[22m[39m [32mhmr update [39m[2m/src/pages/EmprestimosPage.jsx, /src/index.css[22m
[2m20:13:56[22m [36m[1m[vite][22m[39m [90m[2m(client)[22m[39m [32mhmr update [39m[2m/src/App.jsx, /src/components/Header.jsx, /src/pages/admin/AdminTestimonialsPage.jsx, /src/pages/admin/AdminReactivationPage.jsx, /src/pages/FinanciamentoPage.jsx, /src/components/Footer.jsx, /src/pages/ReactivationLandingPage.jsx, /src/pages/admin/AdminBanksPage.jsx, /src/admin/AdminLayout.jsx, /src/pages/admin/AdminUsersPage.jsx, /src/admin/AdminAuthGuard.jsx, /src/pages/admin/AdminDashboardPage.jsx, /src/pages/EmprestimosPage.jsx, /src/pages/LeadNextStepPage.jsx, /src/pages/admin/AdminHealthPage.jsx, /src/pages/admin/AdminArticlesPage.jsx, /src/pages/admin/AdminOffersPage.jsx, /src/pages/BlogPage.jsx, /src/pages/admin/AdminSeoPagesPage.jsx, /src/pages/admin/AdminDisclaimersPage.jsx, /src/pages/admin/AdminNavigationPage.jsx, /src/pages/SeoProgrammaticPage.jsx, /src/pages/admin/AdminAuditPage.jsx, /src/pages/admin/AdminSettingsPage.jsx, /src/pages/admin/AdminLeadsPage.jsx, /src/pages/admin/AdminPartnersPage.jsx, /src/pages/BlogArticlePage.jsx, /src/pages/CartoesPage.jsx, /src/pages/admin/AdminEmailOpsPage.jsx, /src/pages/CoteFinanceAIPage.jsx, /src/pages/DiagnosticoPage.jsx, /src/pages/HomePage.jsx, /src/components/QuickCreditFlowModal.jsx, /src/pages/OfertasPage.jsx, /src/components/SeoHead.jsx, /src/index.css[22m
[2m20:14:13[22m [36m[1m[vite][22m[39m [90m[2m(client)[22m[39m [32mhmr update [39m[2m/src/components/Header.jsx, /src/index.css[22m
[2m20:14:26[22m [36m[1m[vite][22m[39m [90m[2m(client)[22m[39m [32mhmr update [39m[2m/src/components/Footer.jsx, /src/index.css[22m
[2m20:14:52[22m [36m[1m[vite][22m[39m [90m[2m(client)[22m[39m [32mhmr update [39m[2m/src/pages/LeadNextStepPage.jsx, /src/index.css[22m
[2m20:16:46[22m [36m[1m[vite][22m[39m [90m[2m(client)[22m[39m [32mhmr update [39m[2m/src/pages/EmprestimosPage.jsx, /src/index.css[22m
[2m20:16:49[22m [36m[1m[vite][22m[39m [90m[2m(client)[22m[39m [32mhmr update [39m[2m/src/pages/EmprestimosPage.jsx, /src/index.css[22m
[2m20:18:00[22m [36m[1m[vite][22m[39m [90m[2m(client)[22m[39m [32mhmr update [39m[2m/src/pages/EmprestimosPage.jsx, /src/index.css[22m
[2m20:18:06[22m [36m[1m[vite][22m[39m [90m[2m(client)[22m[39m [32mhmr update [39m[2m/src/pages/EmprestimosPage.jsx, /src/index.css[22m
[2m20:18:12[22m [36m[1m[vite][22m[39m [90m[2m(client)[22m[39m [32mhmr update [39m[2m/src/App.jsx, /src/components/Header.jsx, /src/pages/admin/AdminTestimonialsPage.jsx, /src/pages/admin/AdminReactivationPage.jsx, /src/pages/FinanciamentoPage.jsx, /src/components/Footer.jsx, /src/pages/ReactivationLandingPage.jsx, /src/pages/admin/AdminBanksPage.jsx, /src/admin/AdminLayout.jsx, /src/pages/admin/AdminUsersPage.jsx, /src/admin/AdminAuthGuard.jsx, /src/pages/admin/AdminDashboardPage.jsx, /src/pages/EmprestimosPage.jsx, /src/pages/LeadNextStepPage.jsx, /src/pages/admin/AdminHealthPage.jsx, /src/pages/admin/AdminArticlesPage.jsx, /src/pages/admin/AdminOffersPage.jsx, /src/pages/BlogPage.jsx, /src/pages/admin/AdminSeoPagesPage.jsx, /src/pages/admin/AdminDisclaimersPage.jsx, /src/pages/admin/AdminNavigationPage.jsx, /src/pages/SeoProgrammaticPage.jsx, /src/pages/admin/AdminAuditPage.jsx, /src/pages/admin/AdminSettingsPage.jsx, /src/pages/admin/AdminLeadsPage.jsx, /src/pages/admin/AdminPartnersPage.jsx, /src/pages/BlogArticlePage.jsx, /src/pages/CartoesPage.jsx, /src/pages/admin/AdminEmailOpsPage.jsx, /src/pages/CoteFinanceAIPage.jsx, /src/pages/DiagnosticoPage.jsx, /src/pages/HomePage.jsx, /src/components/QuickCreditFlowModal.jsx, /src/pages/OfertasPage.jsx, /src/components/SeoHead.jsx, /src/index.css[22m
[2m20:18:38[22m [36m[1m[vite][22m[39m [90m[2m(client)[22m[39m [32mhmr update [39m[2m/src/pages/HomePage.jsx, /src/index.css[22m
[2m20:18:49[22m [36m[1m[vite][22m[39m [90m[2m(client)[22m[39m [32mhmr update [39m[2m/src/pages/HomePage.jsx, /src/index.css[22m
[2m20:19:11[22m [36m[1m[vite][22m[39m [90m[2m(client)[22m[39m [32mhmr update [39m[2m/src/pages/HomePage.jsx, /src/index.css[22m
[2m20:19:21[22m [36m[1m[vite][22m[39m [90m[2m(client)[22m[39m [32mhmr update [39m[2m/src/pages/HomePage.jsx, /src/index.css[22m
[2m20:20:08[22m [36m[1m[vite][22m[39m [90m[2m(client)[22m[39m [32mhmr update [39m[2m/src/App.jsx, /src/components/Header.jsx, /src/pages/admin/AdminTestimonialsPage.jsx, /src/pages/admin/AdminReactivationPage.jsx, /src/pages/FinanciamentoPage.jsx, /src/components/Footer.jsx, /src/pages/ReactivationLandingPage.jsx, /src/pages/admin/AdminBanksPage.jsx, /src/admin/AdminLayout.jsx, /src/pages/admin/AdminUsersPage.jsx, /src/admin/AdminAuthGuard.jsx, /src/pages/admin/AdminDashboardPage.jsx, /src/pages/EmprestimosPage.jsx, /src/pages/LeadNextStepPage.jsx, /src/pages/admin/AdminHealthPage.jsx, /src/pages/admin/AdminArticlesPage.jsx, /src/pages/admin/AdminOffersPage.jsx, /src/pages/BlogPage.jsx, /src/pages/admin/AdminSeoPagesPage.jsx, /src/pages/admin/AdminDisclaimersPage.jsx, /src/pages/admin/AdminNavigationPage.jsx, /src/pages/SeoProgrammaticPage.jsx, /src/pages/admin/AdminAuditPage.jsx, /src/pages/admin/AdminSettingsPage.jsx, /src/pages/admin/AdminLeadsPage.jsx, /src/pages/admin/AdminPartnersPage.jsx, /src/pages/BlogArticlePage.jsx, /src/pages/CartoesPage.jsx, /src/pages/admin/AdminEmailOpsPage.jsx, /src/pages/CoteFinanceAIPage.jsx, /src/pages/DiagnosticoPage.jsx, /src/pages/HomePage.jsx, /src/components/QuickCreditFlowModal.jsx, /src/pages/OfertasPage.jsx, /src/components/SeoHead.jsx, /src/index.css[22m
[2m20:21:59[22m [36m[1m[vite][22m[39m [90m[2m(client)[22m[39m [32mhmr update [39m[2m/src/pages/HomePage.jsx, /src/index.css[22m
[2m20:31:37[22m [36m[1m[vite][22m[39m [90m[2m(client)[22m[39m [32mhmr update [39m[2m/src/App.jsx, /src/components/Header.jsx, /src/pages/admin/AdminTestimonialsPage.jsx, /src/pages/admin/AdminReactivationPage.jsx, /src/pages/FinanciamentoPage.jsx, /src/components/Footer.jsx, /src/pages/ReactivationLandingPage.jsx, /src/pages/admin/AdminBanksPage.jsx, /src/admin/AdminLayout.jsx, /src/pages/admin/AdminUsersPage.jsx, /src/admin/AdminAuthGuard.jsx, /src/pages/admin/AdminDashboardPage.jsx, /src/pages/EmprestimosPage.jsx, /src/pages/LeadNextStepPage.jsx, /src/pages/admin/AdminHealthPage.jsx, /src/pages/admin/AdminArticlesPage.jsx, /src/pages/admin/AdminOffersPage.jsx, /src/pages/BlogPage.jsx, /src/pages/admin/AdminSeoPagesPage.jsx, /src/pages/admin/AdminDisclaimersPage.jsx, /src/pages/admin/AdminNavigationPage.jsx, /src/pages/SeoProgrammaticPage.jsx, /src/pages/admin/AdminAuditPage.jsx, /src/pages/admin/AdminSettingsPage.jsx, /src/pages/admin/AdminLeadsPage.jsx, /src/pages/admin/AdminPartnersPage.jsx, /src/pages/BlogArticlePage.jsx, /src/pages/CartoesPage.jsx, /src/pages/admin/AdminEmailOpsPage.jsx, /src/pages/CoteFinanceAIPage.jsx, /src/pages/DiagnosticoPage.jsx, /src/pages/HomePage.jsx, /src/components/QuickCreditFlowModal.jsx, /src/pages/OfertasPage.jsx, /src/components/SeoHead.jsx, /src/index.css[22m
[2m20:32:04[22m [36m[1m[vite][22m[39m [90m[2m(client)[22m[39m [32mhmr update [39m[2m/src/pages/EmprestimosPage.jsx, /src/index.css[22m
[2m20:32:17[22m [36m[1m[vite][22m[39m [90m[2m(client)[22m[39m [32mhmr update [39m[2m/src/pages/EmprestimosPage.jsx, /src/index.css[22m
[2m20:32:26[22m [36m[1m[vite][22m[39m [90m[2m(client)[22m[39m [32mhmr update [39m[2m/src/pages/EmprestimosPage.jsx, /src/index.css[22m
[2m20:32:37[22m [36m[1m[vite][22m[39m [90m[2m(client)[22m[39m [32mhmr update [39m[2m/src/pages/EmprestimosPage.jsx, /src/index.css[22m
[2m20:32:53[22m [36m[1m[vite][22m[39m [90m[2m(client)[22m[39m [32mhmr update [39m[2m/src/pages/EmprestimosPage.jsx, /src/index.css[22m
[2m20:32:57[22m [36m[1m[vite][22m[39m [90m[2m(client)[22m[39m [32mhmr update [39m[2m/src/pages/EmprestimosPage.jsx, /src/index.css[22m
[2m20:33:05[22m [36m[1m[vite][22m[39m [90m[2m(client)[22m[39m [32mhmr update [39m[2m/src/pages/EmprestimosPage.jsx, /src/index.css[22m
[2m20:33:09[22m [36m[1m[vite][22m[39m [90m[2m(client)[22m[39m [32mhmr update [39m[2m/src/pages/EmprestimosPage.jsx, /src/index.css[22m
[2m20:34:13[22m [36m[1m[vite][22m[39m [90m[2m(client)[22m[39m [32mhmr update [39m[2m/src/pages/EmprestimosPage.jsx, /src/index.css[22m
[2m20:35:59[22m [36m[1m[vite][22m[39m [90m[2m(client)[22m[39m [32mhmr update [39m[2m/src/pages/EmprestimosPage.jsx, /src/index.css[22m
[2m20:36:43[22m [36m[1m[vite][22m[39m [90m[2m(client)[22m[39m [32mhmr update [39m[2m/src/pages/EmprestimosPage.jsx, /src/index.css[22m
[2m21:23:54[22m [36m[1m[vite][22m[39m [90m[2m(client)[22m[39m [32mhmr update [39m[2m/src/pages/HomePage.jsx, /src/index.css[22m
[2m21:24:03[22m [36m[1m[vite][22m[39m [90m[2m(client)[22m[39m [32mhmr update [39m[2m/src/pages/HomePage.jsx, /src/index.css[22m
[2m21:27:02[22m [36m[1m[vite][22m[39m [90m[2m(client)[22m[39m [32mhmr update [39m[2m/src/index.css[22m
[2m21:28:32[22m [36m[1m[vite][22m[39m [90m[2m(client)[22m[39m [32mhmr update [39m[2m/src/pages/HomePage.jsx, /src/index.css[22m
[2m21:28:37[22m [36m[1m[vite][22m[39m [90m[2m(client)[22m[39m [32mhmr update [39m[2m/src/pages/HomePage.jsx, /src/index.css[22m
[2m21:28:45[22m [36m[1m[vite][22m[39m [90m[2m(client)[22m[39m [32mhmr update [39m[2m/src/pages/HomePage.jsx, /src/index.css[22m
[2m22:51:00[22m [36m[1m[vite][22m[39m [90m[2m(client)[22m[39m [32mhmr update [39m[2m/src/pages/HomePage.jsx, /src/index.css[22m
[2m22:51:00[22m [36m[1m[vite][22m[39m [90m[2m(client)[22m[39m [32mhmr update [39m[2m/src/pages/HomePage.jsx, /src/index.css[22m
[2m22:51:10[22m [36m[1m[vite][22m[39m [90m[2m(client)[22m[39m [32mhmr update [39m[2m/src/index.css[22m
[2m22:53:01[22m [36m[1m[vite][22m[39m [90m[2m(client)[22m[39m [32mhmr update [39m[2m/src/pages/HomePage.jsx, /src/index.css[22m
[2m22:54:48[22m [36m[1m[vite][22m[39m [90m[2m(client)[22m[39m [32mhmr update [39m[2m/src/pages/HomePage.jsx, /src/index.css[22m
[2m22:59:21[22m [36m[1m[vite][22m[39m [90m[2m(client)[22m[39m [32mhmr update [39m[2m/src/pages/HomePage.jsx, /src/index.css[22m
[2m23:34:21[22m [36m[1m[vite][22m[39m [90m[2m(client)[22m[39m [32mhmr update [39m[2m/src/App.jsx, /src/components/Header.jsx, /src/pages/admin/AdminTestimonialsPage.jsx, /src/pages/admin/AdminReactivationPage.jsx, /src/pages/FinanciamentoPage.jsx, /src/components/Footer.jsx, /src/pages/ReactivationLandingPage.jsx, /src/pages/admin/AdminBanksPage.jsx, /src/admin/AdminLayout.jsx, /src/pages/admin/AdminUsersPage.jsx, /src/admin/AdminAuthGuard.jsx, /src/pages/admin/AdminDashboardPage.jsx, /src/pages/EmprestimosPage.jsx, /src/pages/LeadNextStepPage.jsx, /src/pages/admin/AdminHealthPage.jsx, /src/pages/admin/AdminArticlesPage.jsx, /src/pages/admin/AdminOffersPage.jsx, /src/pages/BlogPage.jsx, /src/pages/admin/AdminSeoPagesPage.jsx, /src/pages/admin/AdminDisclaimersPage.jsx, /src/pages/admin/AdminNavigationPage.jsx, /src/pages/SeoProgrammaticPage.jsx, /src/pages/admin/AdminAuditPage.jsx, /src/pages/admin/AdminSettingsPage.jsx, /src/pages/admin/AdminLeadsPage.jsx, /src/pages/admin/AdminPartnersPage.jsx, /src/pages/BlogArticlePage.jsx, /src/pages/CartoesPage.jsx, /src/pages/admin/AdminEmailOpsPage.jsx, /src/pages/CoteFinanceAIPage.jsx, /src/pages/DiagnosticoPage.jsx, /src/pages/HomePage.jsx, /src/components/QuickCreditFlowModal.jsx, /src/pages/OfertasPage.jsx, /src/components/SeoHead.jsx, /src/index.css[22m
